
Error result: Error(DivisionByZero, "Error occurred")
Success result: 42
Division result: 5
Safe division result: 10
Division result: 5
Caught error: Error(DivisionByZero, "Error occurred")




=== Memory Usage Report ===

Memory Manager Statistics:
	Current Total Allocated: 0.00 B
	Peak Memory Usage: 1.15 KB
	Number of Allocations: 52
	Number of Deallocations: 52
	Largest Allocation: 120.00 B
	Active Regions: 0
	Active References: 0
	Active Linears: 0
	Average Allocation Size: 0.00 B

=== Memory Analysis ===
Overall Health Score: 80.0/100

Performance Warnings:
--------------------
- High average allocation time: 797.500000 us

Allocation Size Distribution:
--------------------
No allocations recorded

Temporal Analysis:
--------------------
Peak Allocation Rate: 52.0 allocs/sec
Average Allocation Lifetime: 0.2 ms

Allocation Hotspots:
- allocate at line 296

Thread Analysis:
--------------------
Thread 1:
	Total Allocations: 52
	Active Allocations: 0
	Peak Memory Usage: 120.00 B

Cache Performance:
--------------------
Cache Hit Rate: 0.0%
Cache Hits: 0
Cache Misses: 0
Average Access Time: 1.0 ns

Memory Access Patterns:
--------------------
No access patterns recorded

Recommendations:
--------------------
- High allocation times detected. Consider using a memory pool or pre-allocation strategy
- Detected many short-lived allocations. Consider using an object pool or stack allocation

Health Score Breakdown:
--------------------
Memory Fragmentation: 100.0/100
Allocation Efficiency: 100.0/100
Cache Utilization: 100.0/100
Memory Safety: 100.0/100

==================================================
